// Jest Snapshot v1, https://goo.gl/fbAQLP

exports[`sequence functions sort samples 1`] = `
[
  false,
  true,
  -100,
  1,
  2,
  "Albert",
  "albert",
  [],
  [
    0,
    1,
    2,
  ],
  [
    1,
    2,
    3,
  ],
  [
    0,
    0,
    0,
    0,
  ],
  {},
  {
    "a": 1,
  },
  {
    "d": undefined,
    "f": "",
    "s": "ABC",
    "Ʀ": true,
  },
  {
    "d": undefined,
    "f": "",
    "s": "abc",
    "Ʀ": true,
  },
  null,
]
`;
